com\mycompany\intventory\InAndOutPage$10.class
com\mycompany\intventory\ProfilePage$7.class
com\mycompany\intventory\InAndOutPage$7.class
com\mycompany\intventory\LoginPage$5.class
com\mycompany\intventory\EditEmailPage.class
com\mycompany\intventory\AccountFile.class
com\mycompany\intventory\AddItemPage$3.class
com\mycompany\intventory\AddItemPage$6.class
com\mycompany\intventory\InventoryPage$8.class
com\mycompany\intventory\DashboardPage$2.class
com\mycompany\intventory\EditUsernamePage$2.class
com\mycompany\intventory\InAndOutPage$4.class
com\mycompany\intventory\ProfilePage.class
com\mycompany\intventory\EditUsernamePage.class
com\mycompany\intventory\HistoryPage$2.class
com\mycompany\intventory\EditPasswordPage$5.class
com\mycompany\intventory\HistoryPage$5.class
com\mycompany\intventory\SettingsPage$2.class
com\mycompany\intventory\AddItemPage$10.class
com\mycompany\intventory\InAndOutPage$1.class
com\mycompany\intventory\HistoryPage.class
com\mycompany\intventory\SignUpPage$8.class
com\mycompany\intventory\ProfilePage$5.class
com\mycompany\intventory\AddItemPage$13.class
com\mycompany\intventory\SignUpPage$5.class
com\mycompany\intventory\AddItemPage$5.class
com\mycompany\intventory\SettingsPage$5.class
com\mycompany\intventory\EditPasswordPage$6.class
com\mycompany\intventory\DashboardPage$4.class
com\mycompany\intventory\EditEmailPage$1.class
com\mycompany\intventory\InAndOutPage.class
com\mycompany\intventory\InventoryPage$6.class
com\mycompany\intventory\LoginPage$6.class
com\mycompany\intventory\HistoryFile.class
com\mycompany\intventory\DashboardPage.class
com\mycompany\intventory\Validation.class
com\mycompany\intventory\InAndOutPage$5.class
com\mycompany\intventory\SettingsPage$4.class
com\mycompany\intventory\DashboardPage$5.class
com\mycompany\intventory\ProfilePage$4.class
com\mycompany\intventory\InventoryPage$5.class
com\mycompany\intventory\EditPasswordPage.class
com\mycompany\intventory\EditUsernamePage$4.class
com\mycompany\intventory\SignUpPage$6.class
com\mycompany\intventory\HistoryPage$3.class
com\mycompany\intventory\InAndOutPage$6.class
com\mycompany\intventory\AddItemPage$12.class
com\mycompany\intventory\EditPasswordPage$4.class
com\mycompany\intventory\HistoryPage$1.class
com\mycompany\intventory\InventoryPage$4.class
com\mycompany\intventory\SettingsPage$3.class
com\mycompany\intventory\AddItemPage$11.class
com\mycompany\intventory\SignUpPage$7.class
com\mycompany\intventory\InAndOutPage$3.class
com\mycompany\intventory\InventoryPage.class
com\mycompany\intventory\LoginPage$1.class
com\mycompany\intventory\ProfilePage$3.class
com\mycompany\intventory\EditPasswordPage$7.class
com\mycompany\intventory\HistoryPage$4.class
com\mycompany\intventory\EditEmailPage$2.class
com\mycompany\intventory\SignUpPage$4.class
com\mycompany\intventory\AddItemPage.class
com\mycompany\intventory\ProfilePage$6.class
com\mycompany\intventory\DashboardPage$3.class
com\mycompany\intventory\SignUpPage$1.class
com\mycompany\intventory\AddItemPage$4.class
com\mycompany\intventory\EditPasswordPage$1.class
com\mycompany\intventory\InventoryPage$1.class
com\mycompany\intventory\InventoryPage$7.class
com\mycompany\intventory\AddItemPage$7.class
com\mycompany\intventory\Item.class
com\mycompany\intventory\EditUsernamePage$3.class
com\mycompany\intventory\DashboardPage$6.class
com\mycompany\intventory\LoginPage$4.class
com\mycompany\intventory\InventoryPage$9.class
com\mycompany\intventory\InventoryPage$2.class
com\mycompany\intventory\InAndOutPage$8.class
com\mycompany\intventory\HistoryPage$6.class
com\mycompany\intventory\SettingsPage.class
com\mycompany\intventory\ProfilePage$2.class
com\mycompany\intventory\ProfilePage$8.class
com\mycompany\intventory\AddItemPage$8.class
com\mycompany\intventory\SignUpPage$2.class
com\mycompany\intventory\AddItemPage$1.class
com\mycompany\intventory\EditPasswordPage$2.class
com\mycompany\intventory\SignUpPage$9.class
com\mycompany\intventory\SignUpPage.class
com\mycompany\intventory\EditEmailPage$4.class
com\mycompany\intventory\InAndOutPage$2.class
com\mycompany\intventory\LoginPage$3.class
com\mycompany\intventory\InventoryPage$3.class
com\mycompany\intventory\InAndOutPage$11.class
com\mycompany\intventory\EditUsernamePage$1.class
com\mycompany\intventory\InAndOutPage$9.class
com\mycompany\intventory\LoginPage$2.class
com\mycompany\intventory\AddItemPage$9.class
com\mycompany\intventory\UserFile.class
com\mycompany\intventory\LoginPage.class
com\mycompany\intventory\EditEmailPage$3.class
com\mycompany\intventory\InventoryPage$10.class
com\mycompany\intventory\SettingsPage$1.class
com\mycompany\intventory\SignUpPage$3.class
com\mycompany\intventory\DashboardPage$1.class
com\mycompany\intventory\EditPasswordPage$3.class
com\mycompany\intventory\ProfilePage$1.class
com\mycompany\intventory\AddItemPage$2.class
