C:\Users\Louie\Documents\NetBeansProjects\DIGIStock\src\main\java\com\mycompany\intventory\Item.java
C:\Users\Louie\Documents\NetBeansProjects\DIGIStock\src\main\java\com\mycompany\intventory\SettingsPage.java
C:\Users\Louie\Documents\NetBeansProjects\DIGIStock\src\main\java\com\mycompany\intventory\EditPasswordPage.java
C:\Users\Louie\Documents\NetBeansProjects\DIGIStock\src\main\java\com\mycompany\intventory\HistoryFile.java
C:\Users\Louie\Documents\NetBeansProjects\DIGIStock\src\main\java\com\mycompany\intventory\DashboardPage.java
C:\Users\Louie\Documents\NetBeansProjects\DIGIStock\src\main\java\com\mycompany\intventory\UserFile.java
C:\Users\Louie\Documents\NetBeansProjects\DIGIStock\src\main\java\com\mycompany\intventory\AccountFile.java
C:\Users\Louie\Documents\NetBeansProjects\DIGIStock\src\main\java\com\mycompany\intventory\InventoryPage.java
C:\Users\Louie\Documents\NetBeansProjects\DIGIStock\src\main\java\com\mycompany\intventory\ProfilePage.java
C:\Users\Louie\Documents\NetBeansProjects\DIGIStock\src\main\java\com\mycompany\intventory\LoginPage.java
C:\Users\Louie\Documents\NetBeansProjects\DIGIStock\src\main\java\com\mycompany\intventory\EditUsernamePage.java
C:\Users\Louie\Documents\NetBeansProjects\DIGIStock\src\main\java\com\mycompany\intventory\Validation.java
C:\Users\Louie\Documents\NetBeansProjects\DIGIStock\src\main\java\com\mycompany\intventory\AddItemPage.java
C:\Users\Louie\Documents\NetBeansProjects\DIGIStock\src\main\java\com\mycompany\intventory\InAndOutPage.java
C:\Users\Louie\Documents\NetBeansProjects\DIGIStock\src\main\java\com\mycompany\intventory\HistoryPage.java
C:\Users\Louie\Documents\NetBeansProjects\DIGIStock\src\main\java\com\mycompany\intventory\EditEmailPage.java
C:\Users\Louie\Documents\NetBeansProjects\DIGIStock\src\main\java\com\mycompany\intventory\SignUpPage.java
